

-- summary of data set result --
eavlDataSet:
   npoints = 134
   coordinateSystems[1]:
   eavlCoordinatesCartesian, ndims=3: 
       axis 0 (type=X):
          eavlCoordinateAxisField='newx',component #0
       axis 1 (type=Y):
          eavlCoordinateAxisField='newy',component #0
       axis 2 (type=Z):
          eavlCoordinateAxisField='newz',component #0
  discreteCoordinates[0]:
  cellsets[1]:
    eavlCellSetExplicit:
        name = iso
        dimensionality = 2
        nCells = 198
        cellNodeConnectivity =
        shapetype[198] = 2 2 2 2 2 2 2 2 2 2 ... 2 2 2 2 2 2 2 2 2 2
        connectivity[792] = 3 50 49 58 3 49 57 58 3 51 ... 133 48 3 92 48 39 3 39 48 46
        mapCellToIndex[198] = 0 4 8 12 16 20 24 28 32 36 ... 752 756 760 764 768 772 776 780 784 788
  fields[5]:
      array name = nodal
      order = 1
      association = POINTS
      array = float nodal[134][1] = 3.5  3.5  3.5  3.5  3.5 ... 3.5  3.5  3.5  3.5  3.5

      array name = zonal
      order = 1
      association = CELL_SET
      assoc_cellset_name = iso
      array = float zonal[198][1] = 2.127  2.127  2.237  2.237  2.304 ... 3.188  3.188  3.211  3.211  3.211

      array name = newx
      order = 1
      association = POINTS
      array = float newx[134][1] = 6.717  2.081  2.358  -9.147  -0.4912 ... -10  -5.918  -1.837  2.245  -5.918

      array name = newy
      order = 1
      association = POINTS
      array = float newy[134][1] = -10  -5.918  -5.918  6.327  6.327 ... 2.245  2.245  2.245  2.245  10

      array name = newz
      order = 1
      association = POINTS
      array = float newz[134][1] = -10  -10  -10  -10  -10 ... 9.421  7.896  7.056  6.61  7.898

