

-- summary of data set result --
eavlDataSet:
   npoints = 134
   coordinateSystems[1]:
   eavlCoordinatesCartesian, ndims=3: 
       axis 0 (type=X):
          eavlCoordinateAxisField='newx',component #0
       axis 1 (type=Y):
          eavlCoordinateAxisField='newy',component #0
       axis 2 (type=Z):
          eavlCoordinateAxisField='newz',component #0
  discreteCoordinates[0]:
  cellsets[1]:
    eavlCellSetExplicit:
        name = iso
        dimensionality = 2
        nCells = 198
        cellNodeConnectivity =
        shapetype[198] = 2 2 2 2 2 2 2 2 2 2 ... 2 2 2 2 2 2 2 2 2 2
        connectivity[792] = 3 0 1 2 3 1 3 2 3 4 ... 132 133 3 108 133 105 3 105 133 130
        mapCellToIndex[198] = 0 4 8 12 16 20 24 28 32 36 ... 752 756 760 764 768 772 776 780 784 788
  fields[5]:
      array name = nodal
      order = 1
      association = POINTS
      array = float nodal[134][1] = 3.5  3.5  3.5  3.5  3.5 ... 3.5  3.5  3.5  3.5  3.5

      array name = zonal
      order = 1
      association = CELL_SET
      assoc_cellset_name = iso
      array = float zonal[198][1] = 2.127  2.127  2.237  2.237  2.304 ... 3.188  3.188  3.211  3.211  3.211

      array name = newx
      order = 1
      association = POINTS
      array = float newx[134][1] = -5.9  -9.971  -5.893  -9.967  -1.852 ... -6.608  -5.517  -7.177  -5.947  -3.923

      array name = newy
      order = 1
      association = POINTS
      array = float newy[134][1] = -5.996  -7.138  -5.872  -8.702  -7.279 ... 6.319  6.32  9.954  9.945  9.935

      array name = newz
      order = 1
      association = POINTS
      array = float newz[134][1] = -9.94  -9.956  -5.905  -5.887  -9.947 ... 9.933  9.923  9.932  7.881  9.945

