

-- summary of data set result --
eavlDataSet:
   npoints = 327
   coordinateSystems[1]:
   eavlCoordinatesCartesian, ndims=3: 
       axis 0 (type=X):
          eavlCoordinateAxisField='newx',component #0
       axis 1 (type=Y):
          eavlCoordinateAxisField='newy',component #0
       axis 2 (type=Z):
          eavlCoordinateAxisField='newz',component #0
  discreteCoordinates[0]:
  cellsets[1]:
    eavlCellSetExplicit:
        name = iso
        dimensionality = 2
        nCells = 665
        cellNodeConnectivity =
        shapetype[665] = 2 2 2 2 2 2 2 2 2 2 ... 2 2 2 2 2 2 2 2 2 2
        connectivity[2660] = 3 2 3 1 3 2 1 0 3 6 ... 104 155 3 104 282 187 3 104 187 155
        mapCellToIndex[665] = 0 4 8 12 16 20 24 28 32 36 ... 2620 2624 2628 2632 2636 2640 2644 2648 2652 2656
  fields[4]:
      array name = nodal
      order = 1
      association = POINTS
      array = float nodal[327][1] = 3.5  3.5  3.5  3.5  3.5 ... 3.5  3.5  3.5  3.5  3.5

      array name = newx
      order = 1
      association = POINTS
      array = float newx[327][1] = 9.179  8.819  8.716  8.335  7.304 ... 6.267  0.3541  0.424  -8.048  -1.668

      array name = newy
      order = 1
      association = POINTS
      array = float newy[327][1] = 0.8981  5.539  -1.219  4.345  -6.989 ... -5.096  1.043  1.58  -4.764  -5.28

      array name = newz
      order = 1
      association = POINTS
      array = float newz[327][1] = 2.497  2.883  0.6971  1.29  3.759 ... -2.155  6.472  6.857  6.114  -4.228

