

-- summary of data set result --
eavlDataSet:
   npoints = 69
   coordinateSystems[1]:
   eavlCoordinatesCartesian, ndims=3: 
       axis 0 (type=X):
          eavlCoordinateAxisField='newx',component #0
       axis 1 (type=Y):
          eavlCoordinateAxisField='newy',component #0
       axis 2 (type=Z):
          eavlCoordinateAxisField='newz',component #0
  discreteCoordinates[0]:
  cellsets[1]:
    eavlCellSetExplicit:
        name = iso
        dimensionality = 2
        nCells = 104
        cellNodeConnectivity =
        shapetype[104] = 2 2 2 2 2 2 2 2 2 2 ... 2 2 2 2 2 2 2 2 2 2
        connectivity[416] = 3 0 2 1 3 3 5 4 3 6 ... 66 68 3 63 65 42 3 39 63 42
        mapCellToIndex[104] = 0 4 8 12 16 20 24 28 32 36 ... 376 380 384 388 392 396 400 404 408 412
  fields[5]:
      array name = nodal
      order = 1
      association = POINTS
      array = float nodal[69][1] = 3.5  3.5  3.5  3.5  3.5 ... 3.5  3.5  3.5  3.5  3.5

      array name = zonal
      order = 1
      association = CELL_SET
      assoc_cellset_name = iso
      array = float zonal[104][1] = 3.566  2.806  2.124  3.363  3.224 ... 3.397  3.397  3.397  3.422  3.422

      array name = newx
      order = 1
      association = POINTS
      array = float newx[69][1] = -1.429  -2.887  -1.429  3.011  1.429 ... -1.429  -1.357  -0.6453  -1.012  -0.4993

      array name = newy
      order = 1
      association = POINTS
      array = float newy[69][1] = -2.968  -2.341  -2.062  -2.218  -1.925 ... 0.7166  1.429  4.286  -3.8  3.8

      array name = newz
      order = 1
      association = POINTS
      array = float newz[69][1] = -4.702  -4.286  -4.286  -4.286  -5.223 ... 1.429  4.286  3.8  4.286  4.286

