eavlDataSet:
   npoints = 2500
   eavlLogicalStructureRegular:
     logicalDimension = 2
     logicalDims[2] = 50 50 
   coordinateSystems[1]:
   eavlCoordinatesCartesian, ndims=2: 
       logdim 0: div=1,mod=50
       logdim 1: div=50,mod=50
       axis 0 (type=X):
          eavlCoordinateAxisField='x',component #0
       axis 1 (type=Y):
          eavlCoordinateAxisField='y',component #0
  discreteCoordinates[0]:
  cellsets[1]:
    eavlCellSetAllStructured:
        name = cells
        dimensionality = 2
        nCells = 2401
        zdims[] = 49 49
  fields[3]:
      array name = x
      order = 1
      association = LOGICALDIM
      assoc_logicaldim = 0
      array = float x[50][1] = -2  -1.816  -1.633  -1.449  -1.265 ... 6.265  6.449  6.633  6.816  7

      array name = y
      order = 1
      association = LOGICALDIM
      assoc_logicaldim = 1
      array = float y[50][1] = -2  -1.816  -1.633  -1.449  -1.265 ... 6.265  6.449  6.633  6.816  7

      array name = dist
      order = 1
      association = POINTS
      array = float dist[2500][1] = 3.041  2.911  2.787  2.67  2.561 ... 6.935  7.086  7.238  7.392  7.547

