eavlDataSet:
   npoints = 20
   eavlLogicalStructureRegular:
     logicalDimension = 1
     logicalDims[1] = 20 
   coordinateSystems[1]:
   eavlCoordinatesCartesian, ndims=1: 
       logdim 0: div=1,mod=20
       axis 0 (type=X):
          eavlCoordinateAxisField='x',component #0
  discreteCoordinates[0]:
  cellsets[1]:
    eavlCellSetAllStructured:
        name = cells
        dimensionality = 1
        nCells = 19
        zdims[] = 19
  fields[2]:
      array name = x
      order = 1
      association = LOGICALDIM
      assoc_logicaldim = 0
      array = float x[20][1] = -2  -1.526  -1.053  -0.5789  -0.1053 ... 5.105  5.579  6.053  6.526  7

      array name = dist
      order = 1
      association = POINTS
      array = float dist[20][1] = 1.7  1.226  0.7526  0.2789  0.1947 ... 3.105  3.579  4.053  4.526  5

