eavlDataSet:
   npoints = 216
   eavlLogicalStructureRegular:
     logicalDimension = 3
     logicalDims[3] = 6 6 6 
   coordinateSystems[1]:
   eavlCoordinatesCartesian, ndims=3: 
       logdim 0: div=1,mod=6
       logdim 1: div=6,mod=6
       logdim 2: div=36,mod=6
       axis 0 (type=X):
          eavlCoordinateAxisField='xcoord',component #0
       axis 1 (type=Y):
          eavlCoordinateAxisField='ycoord',component #0
       axis 2 (type=Z):
          eavlCoordinateAxisField='zcoord',component #0
  discreteCoordinates[0]:
  cellsets[1]:
    eavlCellSetAllStructured:
        name = StructuredGridCells
        dimensionality = 3
        nCells = 125
        zdims[] = 5 5 5
  fields[5]:
      array name = xcoord
      order = 1
      association = POINTS
      array = float xcoord[216][1] = -9.951  -5.858  -1.856  2.233  6.321 ... -5.994  -1.817  2.186  6.271  9.923

      array name = ycoord
      order = 1
      association = POINTS
      array = float ycoord[216][1] = -9.891  -9.853  -9.859  -9.901  -9.881 ... 9.893  9.716  9.848  9.862  9.872

      array name = zcoord
      order = 1
      association = POINTS
      array = float zcoord[216][1] = -9.916  -9.944  -9.907  -9.945  -9.896 ... 9.826  9.841  9.876  9.895  9.912

      array name = nodal
      order = 1
      association = POINTS
      array = float nodal[216][1] = 3.341  2.671  3.402  3.428  3.494 ... 3.389  3.615  3.697  3.73  3.752

      array name = zonal
      order = 0
      association = CELL_SET
      assoc_cellset_name = StructuredGridCells
      array = float zonal[125][1] = 2.127  2.237  2.304  2.206  2.218 ... 3.188  3.211  3.41  3.447  3.355

