eavlDataSet:
   npoints = 64
   eavlLogicalStructureRegular:
     logicalDimension = 2
     logicalDims[2] = 8 8 
   coordinateSystems[1]:
   eavlCoordinatesCartesian, ndims=3: 
       logdim 0: div=1,mod=8
       logdim 1: div=8,mod=8
       axis 0 (type=X):
          eavlCoordinateAxisField='xcoord',component #0
       axis 1 (type=Y):
          eavlCoordinateAxisField='ycoord',component #0
       axis 2 (type=Z):
          eavlCoordinateAxisField='zcoord',component #0
  discreteCoordinates[0]:
  cellsets[1]:
    eavlCellSetAllStructured:
        name = StructuredGridCells
        dimensionality = 2
        nCells = 49
        zdims[] = 7 7
  fields[5]:
      array name = xcoord
      order = 1
      association = POINTS
      array = float xcoord[64][1] = 1.311  1.281  1.25  1.185  1.153 ... 1.397  1.321  1.284  1.203  1.27

      array name = ycoord
      order = 1
      association = POINTS
      array = float ycoord[64][1] = -9.895  -7.021  -4.143  -1.245  1.357 ... -1.5  1.337  4.265  7.049  9.829

      array name = zcoord
      order = 1
      association = POINTS
      array = float zcoord[64][1] = -9.945  -9.93  -9.9  -9.819  -9.709 ... 9.722  9.852  9.849  9.801  9.872

      array name = nodal
      order = 1
      association = POINTS
      array = float nodal[64][1] = 3.422  3.467  3.567  3.722  3.804 ... 3.749  3.666  3.671  3.723  3.689

      array name = zonal
      order = 0
      association = CELL_SET
      assoc_cellset_name = StructuredGridCells
      array = float zonal[49][1] = 2.294  2.652  3.019  3.546  3.709 ... 3.393  3.626  3.348  3.322  3.558

