eavlDataSet:
   npoints = 57
   coordinateSystems[1]:
   eavlCoordinatesCartesian, ndims=3: 
       axis 0 (type=X):
          eavlCoordinateAxisField='xcoord',component #0
       axis 1 (type=Y):
          eavlCoordinateAxisField='ycoord',component #0
       axis 2 (type=Z):
          eavlCoordinateAxisField='zcoord',component #0
  discreteCoordinates[0]:
  cellsets[1]:
    eavlCellSetExplicit:
        name = PolyDataVertices
        dimensionality = 0
        nCells = 57
        cellNodeConnectivity =
        shapetype[57] = 0 0 0 0 0 0 0 0 0 0 ... 0 0 0 0 0 0 0 0 0 0
        connectivity[114] = 1 0 1 1 1 2 1 3 1 4 ... 1 52 1 53 1 54 1 55 1 56
        mapCellToIndex[57] = 0 2 4 6 8 10 12 14 16 18 ... 94 96 98 100 102 104 106 108 110 112
  fields[8]:
      array name = xcoord
      order = 1
      association = POINTS
      array = float xcoord[57][1] = 12.56  11.57  10.33  12.18  11.24 ... 16.17  16.88  17.27  17.67  18.33

      array name = ycoord
      order = 1
      association = POINTS
      array = float ycoord[57][1] = 10.9  11.26  10.42  8.689  9.168 ... 5.235  7.38  8.851  5.532  7.372

      array name = zcoord
      order = 1
      association = POINTS
      array = float zcoord[57][1] = 14.62  13.54  13.6  11.7  9.108 ... 6.222  4.805  5.81  7.214  5.911

      array name = avtOriginalBounds
      order = 0
      association = WHOLEMESH
      array = float avtOriginalBounds[6][1] = 5.386  18.33  5.235  13.16  4.805  17.87  

      array name = element
      order = 1
      association = POINTS
      array = float element[57][1] = 6  6  6  6  6 ... 1  1  1  1  1

      array name = fx
      order = 1
      association = POINTS
      array = float fx[57][1] = 0.6874  0.1629  0.08546  0.05739  0.02108 ... 0.1052  0.1612  0.07348  -0.6547  -0.5612

      array name = fy
      order = 1
      association = POINTS
      array = float fy[57][1] = -0.01058  0.6939  0.1127  -0.01209  0.01755 ... 0.129  0.09651  -0.6381  0.04006  0.2606

      array name = fz
      order = 1
      association = POINTS
      array = float fz[57][1] = 0.6694  -1.003  -0.3848  0.0877  0.01001 ... 0.2341  0.2151  -0.09836  -0.03193  -0.1695

