eavlDataSet:
   npoints = 97
   coordinateSystems[1]:
   eavlCoordinatesCartesian, ndims=3: 
       axis 0 (type=X):
          eavlCoordinateAxisField='xcoord',component #0
       axis 1 (type=Y):
          eavlCoordinateAxisField='ycoord',component #0
       axis 2 (type=Z):
          eavlCoordinateAxisField='zcoord',component #0
  discreteCoordinates[0]:
  cellsets[1]:
    eavlCellSetExplicit:
        name = PolyDataLines
        dimensionality = 1
        nCells = 97
        cellNodeConnectivity =
        shapetype[97] = 1 1 1 1 1 1 1 1 1 1 ... 1 1 1 1 1 1 1 1 1 1
        connectivity[291] = 2 0 1 2 2 0 2 1 3 2 ... 88 2 93 95 2 96 94 2 95 96
        mapCellToIndex[97] = 0 3 6 9 12 15 18 21 24 27 ... 261 264 267 270 273 276 279 282 285 288
  fields[9]:
      array name = xcoord
      order = 1
      association = POINTS
      array = float xcoord[97][1] = -7.655  -7.551  -7.804  -7.303  -7.816 ... 7.694  7.636  6.939  7.667  7.143

      array name = ycoord
      order = 1
      association = POINTS
      array = float ycoord[97][1] = -0.3081  -0.2845  -0.2041  -0.2485  -0.03126 ... -1.241  -0.4935  0.2035  -0.2041  0.1802

      array name = zcoord
      order = 1
      association = POINTS
      array = float zcoord[97][1] = -7.963  -7.835  -8.008  -7.551  -7.848 ... 6.453  7.143  7.143  7.463  7.323

      array name = avtOriginalBounds
      order = 0
      association = WHOLEMESH
      array = float avtOriginalBounds[6][1] = -10  10  -10  10  -10  10  

      array name = base_index
      order = 0
      association = WHOLEMESH
      array = float base_index[3][1] = 0  0  0  

      array name = group_id
      order = 0
      association = WHOLEMESH
      array = float group_id[1][1] = 0  

      array name = hardyglobal
      order = 1
      association = POINTS
      array = float hardyglobal[97][1] = 3.69  3.736  3.664  3.864  3.652 ... 3.989  4.197  3.529  3.987  3.535

      array name = nodal
      order = 1
      association = POINTS
      array = float nodal[97][1] = 3.799  3.797  3.802  3.824  3.79 ... 3.903  4.065  3.459  4.016  3.494

      array name = zonal
      order = 0
      association = CELL_SET
      assoc_cellset_name = PolyDataLines
      array = float zonal[97][1] = 3.664  3.664  3.669  3.365  3.365 ... 3.901  3.655  4.465  3.678  3.807

