eavlDataSet:
   npoints = 104
   coordinateSystems[1]:
   eavlCoordinatesCartesian, ndims=3: 
       axis 0 (type=X):
          eavlCoordinateAxisField='xcoord',component #0
       axis 1 (type=Y):
          eavlCoordinateAxisField='ycoord',component #0
       axis 2 (type=Z):
          eavlCoordinateAxisField='zcoord',component #0
  discreteCoordinates[0]:
  cellsets[1]:
    eavlCellSetExplicit:
        name = UnstructuredGridCells3D
        dimensionality = 3
        nCells = 125
        cellNodeConnectivity =
        shapetype[125] = 5 5 5 5 5 5 5 5 5 5 ... 8 8 8 8 8 8 8 8 8 8
        connectivity[829] = 4 32 33 34 0 4 36 37 35 1 ... 97 8 19 21 31 27 100 101 103 102
        mapCellToIndex[125] = 0 5 10 15 20 25 30 35 40 45 ... 739 748 757 766 775 784 793 802 811 820
  fields[8]:
      array name = xcoord
      order = 1
      association = POINTS
      array = float xcoord[104][1] = -1.429  1.429  -1.429  1.429  -1.429 ... 1.429  -1.429  1.429  -1.429  1.429

      array name = ycoord
      order = 1
      association = POINTS
      array = float ycoord[104][1] = -1.429  -1.429  1.429  1.429  -4.286 ... 4.286  -1.429  -1.429  1.429  1.429

      array name = zcoord
      order = 1
      association = POINTS
      array = float zcoord[104][1] = -4.286  -4.286  -4.286  -4.286  -1.429 ... 3.8  5.471  5.471  5.471  5.471

      array name = avtOriginalBounds
      order = 0
      association = WHOLEMESH
      array = float avtOriginalBounds[6][1] = -10  10  -10  10  -10  10  

      array name = base_index
      order = 0
      association = WHOLEMESH
      array = float base_index[3][1] = 0  0  0  

      array name = group_id
      order = 0
      association = WHOLEMESH
      array = float group_id[1][1] = 0  

      array name = nodal
      order = 1
      association = POINTS
      array = float nodal[104][1] = 3.519  3.604  3.895  3.644  3.111 ... 3.707  3.534  3.685  3.516  3.556

      array name = zonal
      order = 0
      association = CELL_SET
      assoc_cellset_name = UnstructuredGridCells3D
      array = float zonal[125][1] = 3.566  2.806  3.863  4.335  3.136 ... 2.793  3.173  3.556  3.397  3.422

