

-- summary of data set result --
eavlDataSet:
   npoints = 64
   eavlLogicalStructureRegular:
     logicalDimension = 2
     logicalDims[2] = 8 8 
   coordinateSystems[1]:
   eavlCoordinatesCartesian, ndims=3: 
       logdim 0: div=1,mod=8
       logdim 1: div=8,mod=8
       axis 0 (type=X):
          eavlCoordinateAxisField='xcoord',component #0
       axis 1 (type=Y):
          eavlCoordinateAxisField='ycoord',component #0
       axis 2 (type=Z):
          eavlCoordinateAxisField='zcoord',component #0
  discreteCoordinates[0]:
  cellsets[1]:
    eavlCellSetAllStructured:
        name = StructuredGridCells
        dimensionality = 2
        nCells = 49
        zdims[] = 7 7
  fields[7]:
      array name = xcoord
      order = 1
      association = POINTS
      array = float xcoord[64][1] = -9.807  -7.391  -4.302  -1.454  1.632 ... -1.309  1.506  4.109  6.951  9.954

      array name = ycoord
      order = 1
      association = POINTS
      array = float ycoord[64][1] = -9.519  -9.494  -9.561  -10.39  -9.835 ... 9.861  9.699  9.567  9.996  9.935

      array name = zcoord
      order = 1
      association = POINTS
      array = float zcoord[64][1] = 1.296  1.296  0.8582  0.7825  1.212 ... 1.293  1.274  1.282  1.174  1.288

      array name = nodal
      order = 1
      association = POINTS
      array = float nodal[64][1] = 3.71  3.46  2.546  2.161  3.121 ... 3.57  3.756  3.813  3.579  3.634

      array name = zonal
      order = 0
      association = CELL_SET
      assoc_cellset_name = StructuredGridCells
      array = float zonal[49][1] = 2.933  2.949  2.68  2.47  2.819 ... 2.231  3.537  4.292  4.092  3.269

      array name = surface_normals
      order = 0
      association = CELL_SET
      assoc_cellset_name = StructuredGridCells
      array = float surface_normals[49][3] = -0.001634  0.1778  0.9841  0.1417  0.1056 ... 0.3155  0.7912  -0.1832  -0.1095  0.977

      array name = nodecentered_surface_normals
      order = 0
      association = POINTS
      array = float nodecentered_surface_normals[64][3] = -0.001634  0.1778  0.9841  0.07001  0.1417 ... 0.103  0.8841  -0.1832  -0.1095  0.977

