

-- summary of data set result --
eavlDataSet:
   npoints = 64
   eavlLogicalStructureRegular:
     logicalDimension = 2
     logicalDims[2] = 8 8 
   coordinateSystems[1]:
   eavlCoordinatesCartesian, ndims=3: 
       logdim 0: div=1,mod=8
       logdim 1: div=8,mod=8
       axis 0 (type=X):
          eavlCoordinateAxisField='xcoord',component #0
       axis 1 (type=Y):
          eavlCoordinateAxisField='ycoord',component #0
       axis 2 (type=Z):
          eavlCoordinateAxisField='zcoord',component #0
  discreteCoordinates[0]:
  cellsets[1]:
    eavlCellSetAllStructured:
        name = StructuredGridCells
        dimensionality = 2
        nCells = 49
        zdims[] = 7 7
  fields[7]:
      array name = xcoord
      order = 1
      association = POINTS
      array = float xcoord[64][1] = -9.953  -7.553  -4.083  -1.46  1.245 ... -1.493  1.422  4.244  7.099  9.851

      array name = ycoord
      order = 1
      association = POINTS
      array = float ycoord[64][1] = 1.215  1.524  1.089  1.133  1.274 ... 1.209  1.242  1.212  1.243  1.314

      array name = zcoord
      order = 1
      association = POINTS
      array = float zcoord[64][1] = -9.801  -10.19  -9.259  -9.703  -9.713 ... 9.88  9.847  9.8  9.834  9.762

      array name = nodal
      order = 1
      association = POINTS
      array = float nodal[64][1] = 3.601  3.071  3.923  3.846  3.8 ... 3.658  3.67  3.719  3.719  3.788

      array name = zonal
      order = 0
      association = CELL_SET
      assoc_cellset_name = StructuredGridCells
      array = float zonal[49][1] = 2.99  3.289  4.092  3.546  3.172 ... 3.525  3.626  3.837  4.358  4.465

      array name = surface_normals
      order = 0
      association = CELL_SET
      assoc_cellset_name = StructuredGridCells
      array = float surface_normals[49][3] = 0.107  -0.9869  -0.1208  -0.08811  -0.9872 ... -0.9946  0.01475  -0.04361  -0.9949  -0.09093

      array name = nodecentered_surface_normals
      order = 0
      association = POINTS
      array = float nodecentered_surface_normals[64][3] = 0.107  -0.9869  -0.1208  0.009444  -0.9871 ... -0.9947  -0.03809  -0.04361  -0.9949  -0.09093

