

-- summary of data set result --
eavlDataSet:
   npoints = 64
   coordinateSystems[1]:
   eavlCoordinatesCartesian, ndims=3: 
       axis 0 (type=X):
          eavlCoordinateAxisField='xcoord',component #0
       axis 1 (type=Y):
          eavlCoordinateAxisField='ycoord',component #0
       axis 2 (type=Z):
          eavlCoordinateAxisField='zcoord',component #0
  discreteCoordinates[0]:
  cellsets[1]:
    eavlCellSetExplicit:
        name = PolyDataPolygons
        dimensionality = 2
        nCells = 49
        cellNodeConnectivity =
        shapetype[49] = 11 11 11 11 11 11 11 11 11 11 ... 11 11 11 11 11 11 11 11 11 11
        connectivity[245] = 4 0 1 2 3 4 1 4 5 2 ... 4 53 54 62 61 4 54 55 63 62
        mapCellToIndex[49] = 0 5 10 15 20 25 30 35 40 45 ... 195 200 205 210 215 220 225 230 235 240
  fields[7]:
      array name = xcoord
      order = 1
      association = POINTS
      array = float xcoord[64][1] = -9.936  -7.226  -7.345  -9.589  -4.291 ... -1.389  1.454  4.227  7.079  9.985

      array name = ycoord
      order = 1
      association = POINTS
      array = float ycoord[64][1] = -9.84  -9.831  -7.177  -7.179  -9.854 ... 9.954  9.9  9.856  9.999  9.978

      array name = zcoord
      order = 1
      association = POINTS
      array = float zcoord[64][1] = 1.32  1.32  1.257  1.184  1.174 ... 1.319  1.313  1.315  1.279  1.317

      array name = nodal
      order = 1
      association = POINTS
      array = float nodal[64][1] = 3.71  3.46  3.81  4.279  2.546 ... 3.57  3.756  3.813  3.579  3.634

      array name = zonal
      order = 0
      association = CELL_SET
      assoc_cellset_name = PolyDataPolygons
      array = float zonal[49][1] = 2.933  2.949  2.68  2.47  2.819 ... 2.231  3.537  4.292  4.092  3.269

      array name = surface_normals
      order = 0
      association = CELL_SET
      assoc_cellset_name = PolyDataPolygons
      array = float surface_normals[49][3] = -7.814e-07  0.0238  0.9997  0.04875  -0.08928 ... -0.05285  0.9796  -0.07449  0.01475  0.9971

      array name = nodecentered_surface_normals
      order = 0
      association = POINTS
      array = float nodecentered_surface_normals[64][3] = -7.814e-07  0.0238  0.9997  0.02437  -0.03274 ... -0.01905  0.9884  -0.07449  0.01475  0.9971

