

-- summary of data set result --
eavlDataSet:
   npoints = 64
   eavlLogicalStructureRegular:
     logicalDimension = 2
     logicalDims[2] = 8 8 
   coordinateSystems[1]:
   eavlCoordinatesCartesian, ndims=3: 
       logdim 0: div=1,mod=8
       logdim 1: div=8,mod=8
       axis 0 (type=X):
          eavlCoordinateAxisField='xcoord',component #0
       axis 1 (type=Y):
          eavlCoordinateAxisField='ycoord',component #0
       axis 2 (type=Z):
          eavlCoordinateAxisField='zcoord',component #0
  discreteCoordinates[0]:
  cellsets[1]:
    eavlCellSetAllStructured:
        name = RectilinearGridCells
        dimensionality = 2
        nCells = 49
        zdims[] = 7 7
  fields[10]:
      array name = xcoord
      order = 1
      association = WHOLEMESH
      array = float xcoord[1][1] = 1.332  

      array name = ycoord
      order = 1
      association = LOGICALDIM
      assoc_logicaldim = 0
      array = float ycoord[8][1] = -10  -7.143  -4.286  -1.429  1.429  4.286  7.143  10  

      array name = zcoord
      order = 1
      association = LOGICALDIM
      assoc_logicaldim = 1
      array = float zcoord[8][1] = -10  -7.143  -4.286  -1.429  1.429  4.286  7.143  10  

      array name = avtOriginalBounds
      order = 0
      association = WHOLEMESH
      array = float avtOriginalBounds[6][1] = -10  10  -10  10  -10  10  

      array name = base_index
      order = 0
      association = WHOLEMESH
      array = float base_index[3][1] = 0  0  0  

      array name = group_id
      order = 0
      association = WHOLEMESH
      array = float group_id[1][1] = 0  

      array name = nodal
      order = 1
      association = POINTS
      array = float nodal[64][1] = 3.422  3.467  3.567  3.722  3.804 ... 3.749  3.666  3.671  3.723  3.689

      array name = zonal
      order = 0
      association = CELL_SET
      assoc_cellset_name = RectilinearGridCells
      array = float zonal[49][1] = 2.294  2.652  3.019  3.546  3.709 ... 3.393  3.626  3.348  3.322  3.558

      array name = surface_normals
      order = 0
      association = CELL_SET
      assoc_cellset_name = RectilinearGridCells
      array = float surface_normals[49][3] = 1  0  -0  1  0 ... 0  -0  1  0  -0

      array name = nodecentered_surface_normals
      order = 0
      association = POINTS
      array = float nodecentered_surface_normals[64][3] = 1  0  0  1  0 ... 0  0  1  0  0

