

-- summary of data set result --
eavlDataSet:
   npoints = 216
   eavlLogicalStructureRegular:
     logicalDimension = 3
     logicalDims[3] = 6 6 6 
   coordinateSystems[1]:
   eavlCoordinatesCartesian, ndims=3: 
       logdim 0: div=1,mod=6
       logdim 1: div=6,mod=6
       logdim 2: div=36,mod=6
       axis 0 (type=X):
          eavlCoordinateAxisField='xcoord',component #0
       axis 1 (type=Y):
          eavlCoordinateAxisField='ycoord',component #0
       axis 2 (type=Z):
          eavlCoordinateAxisField='zcoord',component #0
  discreteCoordinates[0]:
  cellsets[2]:
    eavlCellSetAllStructured:
        name = RectilinearGridCells
        dimensionality = 3
        nCells = 125
        zdims[] = 5 5 5
    eavlCellSetExplicit:
        name = extface_of_RectilinearGridCells
        dimensionality = 2
        nCells = 150
        cellNodeConnectivity =
        shapetype[150] = 4 4 4 4 4 4 4 4 4 4 ... 4 4 4 4 4 4 4 4 4 4
        connectivity[750] = 4 0 1 6 7 4 1 2 7 8 ... 4 168 174 204 210 4 173 179 209 215
        mapCellToIndex[150] = 0 5 10 15 20 25 30 35 40 45 ... 700 705 710 715 720 725 730 735 740 745
  fields[11]:
      array name = xcoord
      order = 1
      association = LOGICALDIM
      assoc_logicaldim = 0
      array = float xcoord[6][1] = -10  -5.918  -1.837  2.245  6.327  10  

      array name = ycoord
      order = 1
      association = LOGICALDIM
      assoc_logicaldim = 1
      array = float ycoord[6][1] = -10  -5.918  -1.837  2.245  6.327  10  

      array name = zcoord
      order = 1
      association = LOGICALDIM
      assoc_logicaldim = 2
      array = float zcoord[6][1] = -10  -5.918  -1.837  2.245  6.327  10  

      array name = avtOriginalBounds
      order = 0
      association = WHOLEMESH
      array = float avtOriginalBounds[6][1] = -10  10  -10  10  -10  10  

      array name = base_index
      order = 0
      association = WHOLEMESH
      array = float base_index[3][1] = 0  0  0  

      array name = group_id
      order = 0
      association = WHOLEMESH
      array = float group_id[1][1] = 0  

      array name = nodal
      order = 1
      association = POINTS
      array = float nodal[216][1] = 3.341  2.671  3.402  3.428  3.494 ... 3.389  3.615  3.697  3.73  3.752

      array name = zonal
      order = 0
      association = CELL_SET
      assoc_cellset_name = RectilinearGridCells
      array = float zonal[125][1] = 2.127  2.237  2.304  2.206  2.218 ... 3.188  3.211  3.41  3.447  3.355

      array name = zonal
      order = 0
      association = CELL_SET
      assoc_cellset_name = extface_of_RectilinearGridCells
      array = float zonal[150][1] = 2.127  2.237  2.304  2.206  2.218 ... 4.953  2.725  3.433  3.188  3.355

      array name = surface_normals
      order = 0
      association = CELL_SET
      assoc_cellset_name = extface_of_RectilinearGridCells
      array = float surface_normals[150][3] = 0  -0  1  0  -0 ... 0  -0  1  0  -0

      array name = nodecentered_surface_normals
      order = 0
      association = POINTS
      array = float nodecentered_surface_normals[216][3] = 0.3333  0.3333  0.3333  0  0.5 ... 0.5  0.5  0.3333  0.3333  0.3333

