

-- summary of data set result --
eavlDataSet:
   npoints = 216
   coordinateSystems[1]:
   eavlCoordinatesCartesian, ndims=3: 
       axis 0 (type=X):
          eavlCoordinateAxisField='xcoord',component #0
       axis 1 (type=Y):
          eavlCoordinateAxisField='ycoord',component #0
       axis 2 (type=Z):
          eavlCoordinateAxisField='zcoord',component #0
  discreteCoordinates[0]:
  cellsets[2]:
    eavlCellSetExplicit:
        name = UnstructuredGridCells3D
        dimensionality = 3
        nCells = 125
        cellNodeConnectivity =
        shapetype[125] = 8 8 8 8 8 8 8 8 8 8 ... 8 8 8 8 8 8 8 8 8 8
        connectivity[1125] = 8 0 1 2 3 4 5 6 7 8 ... 213 8 172 173 179 178 208 209 215 214
        mapCellToIndex[125] = 0 9 18 27 36 45 54 63 72 81 ... 1035 1044 1053 1062 1071 1080 1089 1098 1107 1116
    eavlCellSetExplicit:
        name = extface_of_UnstructuredGridCells3D
        dimensionality = 2
        nCells = 150
        cellNodeConnectivity =
        shapetype[150] = 3 3 3 3 3 3 3 3 3 3 ... 3 3 3 3 3 3 3 3 3 3
        connectivity[750] = 4 0 4 7 3 4 0 1 5 4 ... 4 178 214 215 179 4 208 209 215 214
        mapCellToIndex[150] = 0 5 10 15 20 25 30 35 40 45 ... 700 705 710 715 720 725 730 735 740 745
  fields[8]:
      array name = xcoord
      order = 1
      association = POINTS
      array = float xcoord[216][1] = -9.984  -5.898  -5.9  -9.965  -9.976 ... -9.945  -1.83  2.225  6.308  9.974

      array name = ycoord
      order = 1
      association = POINTS
      array = float ycoord[216][1] = -9.964  -9.951  -5.858  -5.872  -9.95 ... 9.931  9.905  9.949  9.954  9.957

      array name = zcoord
      order = 1
      association = POINTS
      array = float zcoord[216][1] = -9.972  -9.981  -9.939  -9.948  -5.888 ... 9.91  9.947  9.959  9.965  9.971

      array name = nodal
      order = 1
      association = POINTS
      array = float nodal[216][1] = 3.341  2.671  3.529  3.571  3.45 ... 3.75  3.615  3.697  3.73  3.752

      array name = zonal
      order = 0
      association = CELL_SET
      assoc_cellset_name = UnstructuredGridCells3D
      array = float zonal[125][1] = 2.127  2.237  2.304  2.206  2.218 ... 3.188  3.211  3.41  3.447  3.355

      array name = zonal
      order = 0
      association = CELL_SET
      assoc_cellset_name = extface_of_UnstructuredGridCells3D
      array = float zonal[150][1] = 2.127  2.127  2.127  2.237  2.237 ... 3.447  3.447  3.355  3.355  3.355

      array name = surface_normals
      order = 0
      association = CELL_SET
      assoc_cellset_name = extface_of_UnstructuredGridCells3D
      array = float surface_normals[150][3] = -1  0.006913  0.001838  0.003093  -1 ... 1  -0.003951  0.002837  -0.01425  0.9999

      array name = nodecentered_surface_normals
      order = 0
      association = POINTS
      array = float nodecentered_surface_normals[216][3] = -0.3315  -0.3291  -0.3314  0.001449  -0.496 ... 0.494  0.4972  0.3338  0.3188  0.3321

