

-- summary of data set result --
eavlDataSet:
   npoints = 104
   coordinateSystems[1]:
   eavlCoordinatesCartesian, ndims=3: 
       axis 0 (type=X):
          eavlCoordinateAxisField='xcoord',component #0
       axis 1 (type=Y):
          eavlCoordinateAxisField='ycoord',component #0
       axis 2 (type=Z):
          eavlCoordinateAxisField='zcoord',component #0
  discreteCoordinates[0]:
  cellsets[2]:
    eavlCellSetExplicit:
        name = UnstructuredGridCells3D
        dimensionality = 3
        nCells = 125
        cellNodeConnectivity =
        shapetype[125] = 5 5 5 5 5 5 5 5 5 5 ... 8 8 8 8 8 8 8 8 8 8
        connectivity[829] = 4 32 33 34 0 4 36 37 35 1 ... 97 8 19 21 31 27 100 101 103 102
        mapCellToIndex[125] = 0 5 10 15 20 25 30 35 40 45 ... 739 748 757 766 775 784 793 802 811 820
    eavlCellSetExplicit:
        name = extface_of_UnstructuredGridCells3D
        dimensionality = 2
        nCells = 90
        cellNodeConnectivity =
        shapetype[90] = 2 2 2 2 2 2 2 2 2 2 ... 3 3 3 3 3 3 3 3 3 3
        connectivity[410] = 3 32 34 33 3 36 35 37 3 39 ... 4 98 99 97 96 4 100 101 103 102
        mapCellToIndex[90] = 0 4 8 12 16 20 24 28 32 36 ... 360 365 370 375 380 385 390 395 400 405
  fields[11]:
      array name = xcoord
      order = 1
      association = POINTS
      array = float xcoord[104][1] = -1.429  1.429  -1.429  1.429  -1.429 ... 1.429  -1.429  1.429  -1.429  1.429

      array name = ycoord
      order = 1
      association = POINTS
      array = float ycoord[104][1] = -1.429  -1.429  1.429  1.429  -4.286 ... 4.286  -1.429  -1.429  1.429  1.429

      array name = zcoord
      order = 1
      association = POINTS
      array = float zcoord[104][1] = -4.286  -4.286  -4.286  -4.286  -1.429 ... 3.8  5.471  5.471  5.471  5.471

      array name = avtOriginalBounds
      order = 0
      association = WHOLEMESH
      array = float avtOriginalBounds[6][1] = -10  10  -10  10  -10  10  

      array name = base_index
      order = 0
      association = WHOLEMESH
      array = float base_index[3][1] = 0  0  0  

      array name = group_id
      order = 0
      association = WHOLEMESH
      array = float group_id[1][1] = 0  

      array name = nodal
      order = 1
      association = POINTS
      array = float nodal[104][1] = 3.519  3.604  3.895  3.644  3.111 ... 3.707  3.534  3.685  3.516  3.556

      array name = zonal
      order = 0
      association = CELL_SET
      assoc_cellset_name = UnstructuredGridCells3D
      array = float zonal[125][1] = 3.566  2.806  3.863  4.335  3.136 ... 2.793  3.173  3.556  3.397  3.422

      array name = zonal
      order = 0
      association = CELL_SET
      assoc_cellset_name = extface_of_UnstructuredGridCells3D
      array = float zonal[90][1] = 3.566  2.806  3.863  4.335  3.136 ... 3.138  2.793  3.556  3.397  3.422

      array name = surface_normals
      order = 0
      association = CELL_SET
      assoc_cellset_name = extface_of_UnstructuredGridCells3D
      array = float surface_normals[90][3] = -0.4082  -0.4082  -0.8165  0.4082  -0.4082 ... 0.7071  0.7071  0  0  1

      array name = nodecentered_surface_normals
      order = 0
      association = POINTS
      array = float nodecentered_surface_normals[104][3] = 0  0  0  0  0 ... 0.2139  0.9013  0.2139  0.2139  0.9013

