

-- summary of data set result --
eavlDataSet:
   npoints = 100
   coordinateSystems[1]:
   eavlCoordinatesCartesian, ndims=3: 
       axis 0 (type=X):
          eavlCoordinateAxisField='xcoord',component #0
       axis 1 (type=Y):
          eavlCoordinateAxisField='ycoord',component #0
       axis 2 (type=Z):
          eavlCoordinateAxisField='zcoord',component #0
  discreteCoordinates[0]:
  cellsets[2]:
    eavlCellSetExplicit:
        name = UnstructuredGridCells3D
        dimensionality = 3
        nCells = 477
        cellNodeConnectivity =
        shapetype[477] = 5 5 5 5 5 5 5 5 5 5 ... 5 5 5 5 5 5 5 5 5 5
        connectivity[2385] = 4 65 57 27 90 4 17 77 36 90 ... 4 25 94 87 99 4 94 73 87 99
        mapCellToIndex[477] = 0 5 10 15 20 25 30 35 40 45 ... 2335 2340 2345 2350 2355 2360 2365 2370 2375 2380
    eavlCellSetExplicit:
        name = extface_of_UnstructuredGridCells3D
        dimensionality = 2
        nCells = 70
        cellNodeConnectivity =
        shapetype[70] = 2 2 2 2 2 2 2 2 2 2 ... 2 2 2 2 2 2 2 2 2 2
        connectivity[280] = 3 65 27 57 3 35 41 47 3 34 ... 82 83 3 1 71 91 3 52 76 93
        mapCellToIndex[70] = 0 4 8 12 16 20 24 28 32 36 ... 240 244 248 252 256 260 264 268 272 276
  fields[6]:
      array name = xcoord
      order = 1
      association = POINTS
      array = float xcoord[100][1] = -2.071  -3.626  -6.813  7.997  2.083 ... -2.251  0.6701  1.33  1.278  -4.934

      array name = ycoord
      order = 1
      association = POINTS
      array = float ycoord[100][1] = 6.81  7.729  -2.326  -6.729  1.654 ... -6.361  3.295  -8.051  7.739  -3.859

      array name = zcoord
      order = 1
      association = POINTS
      array = float zcoord[100][1] = -2.933  -9.688  3.82  -6.819  -4.601 ... -5.505  -5.963  -4.46  -8.596  7.933

      array name = nodal
      order = 1
      association = POINTS
      array = float nodal[100][1] = 3.233  3.92  1.294  3.665  2.952 ... 4.687  3.344  1.087  1.31  1.67

      array name = surface_normals
      order = 0
      association = CELL_SET
      assoc_cellset_name = extface_of_UnstructuredGridCells3D
      array = float surface_normals[70][3] = 0.9967  0.07883  -0.01855  0.9677  -0.2115 ... -0.04133  -0.9991  -0.9957  -0.08534  0.03563

      array name = nodecentered_surface_normals
      order = 0
      association = POINTS
      array = float nodecentered_surface_normals[100][3] = 0  0  0  -0.1131  -0.01502 ... 0.5896  -0.479  0  0  0

