

-- summary of data set result --
eavlDataSet:
   npoints = 4
   eavlLogicalStructureRegular:
     logicalDimension = 1
     logicalDims[1] = 4 
   coordinateSystems[1]:
   eavlCoordinatesCartesian, ndims=3: 
       logdim 0: div=1,mod=4
       axis 0 (type=X):
          eavlCoordinateAxisField='transformed_coords',component #0
       axis 1 (type=Y):
          eavlCoordinateAxisField='transformed_coords',component #1
       axis 2 (type=Z):
          eavlCoordinateAxisField='transformed_coords',component #2
  discreteCoordinates[0]:
  cellsets[1]:
    eavlCellSetAllStructured:
        name = StructuredGridCells
        dimensionality = 1
        nCells = 3
        zdims[] = 3
  fields[6]:
      array name = xcoord
      order = 1
      association = POINTS
      array = float xcoord[4][1] = 3.2  3.1  3.4  3.1  

      array name = ycoord
      order = 1
      association = POINTS
      array = float ycoord[4][1] = 0  1  4  6  

      array name = zcoord
      order = 1
      association = POINTS
      array = float zcoord[4][1] = 2.2  2.4  2.5  2.3  

      array name = nodal
      order = 1
      association = POINTS
      array = float nodal[4][1] = 0  1  1.1  2  

      array name = zonal
      order = 0
      association = CELL_SET
      assoc_cellset_name = StructuredGridCells
      array = float zonal[3][1] = 0  1  2  

      array name = transformed_coords
      order = 1
      association = POINTS
      array = float transformed_coords[4][3] = 3.215  -0.2045  1.009  3.219  1.125 ... 5.241  2.331  3.18  8.004  2.799

