

-- summary of data set result --
eavlDataSet:
   npoints = 104
   coordinateSystems[1]:
   eavlCoordinatesCartesian, ndims=3: 
       axis 0 (type=X):
          eavlCoordinateAxisField='transformed_coords',component #0
       axis 1 (type=Y):
          eavlCoordinateAxisField='transformed_coords',component #1
       axis 2 (type=Z):
          eavlCoordinateAxisField='transformed_coords',component #2
  discreteCoordinates[0]:
  cellsets[1]:
    eavlCellSetExplicit:
        name = PolyDataPolygons
        dimensionality = 2
        nCells = 90
        cellNodeConnectivity =
        shapetype[90] = 11 11 11 11 11 11 11 11 11 11 ... 11 11 11 11 11 11 11 11 11 11
        connectivity[410] = 3 34 33 32 3 32 45 46 4 50 ... 4 98 99 97 96 4 100 101 103 102
        mapCellToIndex[90] = 0 4 8 13 18 23 28 33 37 42 ... 364 369 373 377 382 387 391 395 400 405
  fields[9]:
      array name = xcoord
      order = 1
      association = POINTS
      array = float xcoord[104][1] = -1.429  1.429  -1.429  1.429  -1.429 ... 1.429  -1.429  1.429  -1.429  1.429

      array name = ycoord
      order = 1
      association = POINTS
      array = float ycoord[104][1] = -1.429  -1.429  1.429  1.429  -4.286 ... 4.286  -1.429  -1.429  1.429  1.429

      array name = zcoord
      order = 1
      association = POINTS
      array = float zcoord[104][1] = -4.286  -4.286  -4.286  -4.286  -1.429 ... 3.8  5.471  5.471  5.471  5.471

      array name = avtOriginalBounds
      order = 0
      association = WHOLEMESH
      array = float avtOriginalBounds[6][1] = -10  10  -10  10  -10  10  

      array name = base_index
      order = 0
      association = WHOLEMESH
      array = float base_index[3][1] = 0  0  0  

      array name = group_id
      order = 0
      association = WHOLEMESH
      array = float group_id[1][1] = 0  

      array name = nodal
      order = 1
      association = POINTS
      array = float nodal[104][1] = 3.519  3.604  3.895  3.644  3.111 ... 3.707  3.534  3.685  3.516  3.556

      array name = zonal
      order = 0
      association = CELL_SET
      assoc_cellset_name = PolyDataPolygons
      array = float zonal[90][1] = 3.566  3.363  3.363  3.354  3.201 ... 3.323  3.532  3.341  3.397  3.422

      array name = transformed_coords
      order = 1
      association = POINTS
      array = float transformed_coords[104][3] = -2.722  -1.264  -3.83  -0.6163  -1.087 ... 0.8705  5.773  3.183  1.047  4.9

