

-- summary of data set result --
eavlDataSet:
   npoints = 57
   coordinateSystems[1]:
   eavlCoordinatesCartesian, ndims=3: 
       axis 0 (type=X):
          eavlCoordinateAxisField='transformed_coords',component #0
       axis 1 (type=Y):
          eavlCoordinateAxisField='transformed_coords',component #1
       axis 2 (type=Z):
          eavlCoordinateAxisField='transformed_coords',component #2
  discreteCoordinates[0]:
  cellsets[2]:
    eavlCellSetExplicit:
        name = PolyDataVertices
        dimensionality = 0
        nCells = 57
        cellNodeConnectivity =
        shapetype[57] = 0 0 0 0 0 0 0 0 0 0 ... 0 0 0 0 0 0 0 0 0 0
        connectivity[114] = 1 0 1 1 1 2 1 3 1 4 ... 1 52 1 53 1 54 1 55 1 56
        mapCellToIndex[57] = 0 2 4 6 8 10 12 14 16 18 ... 94 96 98 100 102 104 106 108 110 112
    eavlCellSetExplicit:
        name = PolyDataLines
        dimensionality = 1
        nCells = 59
        cellNodeConnectivity =
        shapetype[59] = 1 1 1 1 1 1 1 1 1 1 ... 1 1 1 1 1 1 1 1 1 1
        connectivity[177] = 2 18 41 2 18 19 2 19 42 2 ... 26 2 25 53 2 25 54 2 25 56
        mapCellToIndex[59] = 0 3 6 9 12 15 18 21 24 27 ... 147 150 153 156 159 162 165 168 171 174
  fields[7]:
      array name = xcoord
      order = 1
      association = POINTS
      array = float xcoord[57][1] = 12.56  11.57  10.33  12.18  11.24 ... 16.17  16.88  17.27  17.67  18.33

      array name = ycoord
      order = 1
      association = POINTS
      array = float ycoord[57][1] = 10.9  11.26  10.42  8.689  9.168 ... 5.235  7.38  8.851  5.532  7.372

      array name = zcoord
      order = 1
      association = POINTS
      array = float zcoord[57][1] = 14.62  13.54  13.6  11.7  9.108 ... 6.222  4.805  5.81  7.214  5.911

      array name = avtOriginalBounds
      order = 0
      association = WHOLEMESH
      array = float avtOriginalBounds[6][1] = 5.386  18.33  5.235  13.16  4.805  17.87  

      array name = element
      order = 1
      association = POINTS
      array = float element[57][1] = 6  6  6  6  6 ... 1  1  1  1  1

      array name = id
      order = 0
      association = CELL_SET
      assoc_cellset_name = PolyDataLines
      array = float id[59][1] = 101  102  103  104  105 ... 155  156  157  158  159

      array name = transformed_coords
      order = 1
      association = POINTS
      array = float transformed_coords[57][3] = 14.95  13.06  12.39  13.8  13.68 ... 7.365  2.656  15.81  10.17  1.79

