

-- summary of data set result --
eavlDataSet:
   npoints = 64
   eavlLogicalStructureRegular:
     logicalDimension = 2
     logicalDims[2] = 8 8 
   coordinateSystems[1]:
   eavlCoordinatesCartesian, ndims=3: 
       logdim 0: div=1,mod=8
       logdim 1: div=8,mod=8
       axis 0 (type=X):
          eavlCoordinateAxisField='transformed_coords',component #0
       axis 1 (type=Y):
          eavlCoordinateAxisField='transformed_coords',component #1
       axis 2 (type=Z):
          eavlCoordinateAxisField='transformed_coords',component #2
  discreteCoordinates[0]:
  cellsets[1]:
    eavlCellSetAllStructured:
        name = RectilinearGridCells
        dimensionality = 2
        nCells = 49
        zdims[] = 7 7
  fields[9]:
      array name = xcoord
      order = 1
      association = LOGICALDIM
      assoc_logicaldim = 0
      array = float xcoord[8][1] = -10  -7.143  -4.286  -1.429  1.429  4.286  7.143  10  

      array name = ycoord
      order = 1
      association = WHOLEMESH
      array = float ycoord[1][1] = 1.332  

      array name = zcoord
      order = 1
      association = LOGICALDIM
      assoc_logicaldim = 1
      array = float zcoord[8][1] = -10  -7.143  -4.286  -1.429  1.429  4.286  7.143  10  

      array name = avtOriginalBounds
      order = 0
      association = WHOLEMESH
      array = float avtOriginalBounds[6][1] = -10  10  -10  10  -10  10  

      array name = base_index
      order = 0
      association = WHOLEMESH
      array = float base_index[3][1] = 0  0  0  

      array name = group_id
      order = 0
      association = WHOLEMESH
      array = float group_id[1][1] = 0  

      array name = nodal
      order = 1
      association = POINTS
      array = float nodal[64][1] = 3.601  3.071  3.923  3.846  3.8 ... 3.658  3.67  3.719  3.719  3.788

      array name = zonal
      order = 0
      association = CELL_SET
      assoc_cellset_name = RectilinearGridCells
      array = float zonal[49][1] = 2.99  3.289  4.092  3.546  3.172 ... 3.525  3.626  3.837  4.358  4.465

      array name = transformed_coords
      order = 1
      association = POINTS
      array = float transformed_coords[64][3] = -11.26  3.039  -5.603  -9.157  3.215 ... 0.4399  7.217  11.26  0.6167  6.344

