

-- summary of data set result --
eavlDataSet:
   npoints = 100
   coordinateSystems[1]:
   eavlCoordinatesCartesian, ndims=3: 
       axis 0 (type=X):
          eavlCoordinateAxisField='transformed_coords',component #0
       axis 1 (type=Y):
          eavlCoordinateAxisField='transformed_coords',component #1
       axis 2 (type=Z):
          eavlCoordinateAxisField='transformed_coords',component #2
  discreteCoordinates[0]:
  cellsets[1]:
    eavlCellSetExplicit:
        name = UnstructuredGridCells3D
        dimensionality = 3
        nCells = 477
        cellNodeConnectivity =
        shapetype[477] = 5 5 5 5 5 5 5 5 5 5 ... 5 5 5 5 5 5 5 5 5 5
        connectivity[2385] = 4 65 57 27 90 4 17 77 36 90 ... 4 25 94 87 99 4 94 73 87 99
        mapCellToIndex[477] = 0 5 10 15 20 25 30 35 40 45 ... 2335 2340 2345 2350 2355 2360 2365 2370 2375 2380
  fields[5]:
      array name = xcoord
      order = 1
      association = POINTS
      array = float xcoord[100][1] = -2.071  -3.626  -6.813  7.997  2.083 ... -2.251  0.6701  1.33  1.278  -4.934

      array name = ycoord
      order = 1
      association = POINTS
      array = float ycoord[100][1] = 6.81  7.729  -2.326  -6.729  1.654 ... -6.361  3.295  -8.051  7.739  -3.859

      array name = zcoord
      order = 1
      association = POINTS
      array = float zcoord[100][1] = -2.933  -9.688  3.82  -6.819  -4.601 ... -5.505  -5.963  -4.46  -8.596  7.933

      array name = nodal
      order = 1
      association = POINTS
      array = float nodal[100][1] = 3.233  3.92  1.294  3.665  2.952 ... 4.687  3.344  1.087  1.31  1.67

      array name = transformed_coords
      order = 1
      association = POINTS
      array = float transformed_coords[100][3] = -2.668  9.752  -0.1216  -6.445  12.15 ... 12.27  -5.997  -0.5463  -7.051  7.594

